// Jest Snapshot v1, https://goo.gl/fbAQLP

exports[`check and compare user 1`] = `
Object {
  "createdAt": Any<Date>,
  "id": Any<Number>,
  "name": Any<String>,
}
`;

exports[`render correctly 1`] = `
<View
  style={
    Object {
      "alignItems": "center",
      "backgroundColor": "#fff",
      "flex": 1,
      "justifyContent": "center",
    }
  }
>
  <Text>
    Open up App.js to start working on your app!
  </Text>
  <Text>
    My name is 
    LeBron James
  </Text>
</View>
`;
